
bia@DESKTOP-R5D092K MINGW64 ~/Desktop/Projeto (main)
$ touch text1.txt

bia@DESKTOP-R5D092K MINGW64 ~/Desktop/Projeto (main)
$ touch text2.txt

bia@DESKTOP-R5D092K MINGW64 ~/Desktop/Projeto (main)
$ git init
Initialized empty Git repository in C:/Users/bia/Desktop/Projeto/.git/

bia@DESKTOP-R5D092K MINGW64 ~/Desktop/Projeto (master)
$ git add.
git: 'add.' is not a git command. See 'git --help'.

The most similar command is
        add

bia@DESKTOP-R5D092K MINGW64 ~/Desktop/Projeto (master)
$ git add .

bia@DESKTOP-R5D092K MINGW64 ~/Desktop/Projeto (master)
$ git status
On branch master

No commits yet

Changes to be committed:
  (use "git rm --cached <file>..." to unstage)
        new file:   text1.txt
        new file:   text2.txt


bia@DESKTOP-R5D092K MINGW64 ~/Desktop/Projeto (master)
$ git commit -m "Adicionado arquivos text1 e text2"
[master (root-commit) f42c5eb] Adicionado arquivos text1 e text2
 2 files changed, 0 insertions(+), 0 deletions(-)
 create mode 100644 text1.txt
 create mode 100644 text2.txt

bia@DESKTOP-R5D092K MINGW64 ~/Desktop/Projeto (master)
$ git status
On branch master
Changes not staged for commit:
  (use "git add <file>..." to update what will be committed)
  (use "git restore <file>..." to discard changes in working directory)
        modified:   text1.txt
        modified:   text2.txt

no changes added to commit (use "git add" and/or "git commit -a")

bia@DESKTOP-R5D092K MINGW64 ~/Desktop/Projeto (master)
$ git add .

bia@DESKTOP-R5D092K MINGW64 ~/Desktop/Projeto (master)
$ git status
On branch master
Changes to be committed:
  (use "git restore --staged <file>..." to unstage)
        modified:   text1.txt
        modified:   text2.txt


bia@DESKTOP-R5D092K MINGW64 ~/Desktop/Projeto (master)
$ git commit -m "Arquivos modificados com texto"
[master e36e088] Arquivos modificados com texto
 2 files changed, 2 insertions(+)
